// Jest Snapshot v1, https://goo.gl/fbAQLP

exports[`mermaid adapter integration tests renders the complete basic tables 1`] = `
"@startuml
skinparam linetype ortho
entity \\"user\\" {
    id : INTEGER : <<PK>> : //\\"The primary user identifier\\"//
    --
    firstName : VARCHAR
    --
    lastName : VARCHAR
    --
    age : INTEGER
}
entity \\"comment\\" {
    id : INTEGER : <<PK>> : //\\"The ID for the comment\\"//
    --
    text : VARCHAR(300)
    --
    likes : INTEGER
    --
    authorId : INTEGER : <<FK>> : //\\"The primary user identifier\\"//
}
comment }|--|| user
@enduml"
`;

exports[`mermaid adapter integration tests renders the complete cart tables 1`] = `
"@startuml
skinparam linetype ortho
entity \\"cart_item\\" {
    id : BIGINT : <<PK>>
    --
    productId : BIGINT : <<FK>>
    --
    cartId : BIGINT : <<FK>>
    --
    sku : VARCHAR(100)
    --
    price : FLOAT
    --
    discount : FLOAT
    --
    quantity : SMALLINT
    --
    active : TINYINT
    --
    createdAt : DATETIME
    --
    updatedAt : DATETIME
    --
    content : TEXT
}
entity \\"category\\" {
    id : BIGINT : <<PK>>
    --
    parentId : BIGINT : <<FK>>
    --
    title : VARCHAR(75)
    --
    metaTitle : VARCHAR(100)
    --
    slug : VARCHAR(100)
    --
    content : TEXT
}
entity \\"product_meta\\" {
    id : BIGINT : <<PK>>
    --
    productId : BIGINT : <<FK>>
    --
    key : VARCHAR(50)
    --
    content : TEXT
}
entity \\"product_review\\" {
    id : BIGINT : <<PK>>
    --
    productId : BIGINT : <<FK>>
    --
    parentId : BIGINT : <<FK>>
    --
    title : VARCHAR(100)
    --
    rating : SMALLINT
    --
    published : TINYINT
    --
    createdAt : DATETIME
    --
    publishedAt : DATETIME
    --
    content : TEXT
}
entity \\"tag\\" {
    id : BIGINT : <<PK>>
    --
    title : VARCHAR(75)
    --
    metaTitle : VARCHAR(100)
    --
    slug : VARCHAR(100)
    --
    content : TEXT
}
entity \\"product\\" {
    id : BIGINT : <<PK>>
    --
    userId : BIGINT : <<FK>>
    --
    title : VARCHAR(75)
    --
    metaTitle : VARCHAR(100)
    --
    slug : VARCHAR(100)
    --
    summary : TINYTEXT
    --
    type : SMALLINT
    --
    sku : VARCHAR(100)
    --
    price : FLOAT
    --
    discount : FLOAT
    --
    quantity : SMALLINT
    --
    shop : TINYINT
    --
    createdAt : DATETIME
    --
    updatedAt : DATETIME
    --
    publishedAt : DATETIME
    --
    startsAt : DATETIME
    --
    endsAt : DATETIME
    --
    content : TEXT
}
entity \\"order_item\\" {
    id : BIGINT : <<PK>>
    --
    productId : BIGINT : <<FK>>
    --
    orderId : BIGINT : <<FK>>
    --
    sku : VARCHAR(100)
    --
    price : FLOAT
    --
    discount : FLOAT
    --
    quantity : SMALLINT
    --
    createdAt : DATETIME
    --
    updatedAt : DATETIME
    --
    content : TEXT
}
entity \\"transaction\\" {
    id : BIGINT : <<PK>>
    --
    userId : BIGINT : <<FK>>
    --
    orderId : BIGINT : <<FK>>
    --
    code : VARCHAR(100)
    --
    type : SMALLINT
    --
    mode : SMALLINT
    --
    status : SMALLINT
    --
    createdAt : DATETIME
    --
    updatedAt : DATETIME
    --
    content : TEXT
}
entity \\"order\\" {
    id : BIGINT : <<PK>>
    --
    userId : BIGINT : <<FK>>
    --
    sessionId : VARCHAR(100)
    --
    token : VARCHAR(100)
    --
    status : SMALLINT
    --
    subTotal : FLOAT
    --
    itemDiscount : FLOAT
    --
    tax : FLOAT
    --
    shipping : FLOAT
    --
    total : FLOAT
    --
    promo : VARCHAR(50)
    --
    discount : FLOAT
    --
    grandTotal : FLOAT
    --
    firstName : VARCHAR(50)
    --
    middleName : VARCHAR(50)
    --
    lastName : VARCHAR(50)
    --
    mobile : VARCHAR(15)
    --
    email : VARCHAR(50)
    --
    line1 : VARCHAR(50)
    --
    line2 : VARCHAR(50)
    --
    city : VARCHAR(50)
    --
    province : VARCHAR(50)
    --
    country : VARCHAR(50)
    --
    createdAt : DATETIME
    --
    updatedAt : DATETIME
    --
    content : TEXT
}
entity \\"user\\" {
    id : BIGINT : <<PK>>
    --
    role : ENUM
    --
    firstName : VARCHAR(50)
    --
    middleName : VARCHAR(50)
    --
    lastName : VARCHAR(50)
    --
    mobile : VARCHAR(15)
    --
    email : VARCHAR(50)
    --
    passwordHash : VARCHAR(32)
    --
    admin : TINYINT
    --
    vendor : TINYINT
    --
    registeredAt : DATETIME
    --
    lastLogin : DATETIME
    --
    intro : TINYTEXT
    --
    profile : TEXT
}
entity \\"cart\\" {
    id : BIGINT : <<PK>>
    --
    userId : BIGINT : <<FK>>
    --
    sessionId : VARCHAR(100)
    --
    token : VARCHAR(100)
    --
    status : SMALLINT
    --
    firstName : VARCHAR(50)
    --
    middleName : VARCHAR(50)
    --
    lastName : VARCHAR(50)
    --
    mobile : VARCHAR(15)
    --
    email : VARCHAR(50)
    --
    line1 : VARCHAR(50)
    --
    line2 : VARCHAR(50)
    --
    city : VARCHAR(50)
    --
    province : VARCHAR(50)
    --
    country : VARCHAR(50)
    --
    createdAt : DATETIME
    --
    updatedAt : DATETIME
    --
    content : TEXT
}
entity \\"product_category\\" {
    categoryId : BIGINT : <<PK>>
    --
    productId : BIGINT : <<PK>>
}
entity \\"product_tag\\" {
    productId : BIGINT : <<PK>>
    --
    tagId : BIGINT : <<PK>>
}
cart_item }|--|| cart
cart_item }|--|| product
category }|--|| category
category ||--|{ product_category
product_meta }|--|| product
product_review }|--|| product_review
product_review }|--|| product
tag ||--|{ product_tag
product }|--|| user
product ||--|{ product_category
product ||--|{ product_tag
order_item }|--|| order
order_item }|--|| product
transaction }|--|| order
transaction }|--|| user
order }|--|| user
cart }|--|| user
@enduml"
`;
